components/ImageModal.tsx(57,22): error TS2741: Property 'slotId' is missing in type '{}' but required in type 'AdSenseAdProps'.
components/MainContent.tsx(329,18): error TS2741: Property 'slotId' is missing in type '{}' but required in type 'AdSenseAdProps'.
components/tools/ToolContainer.tsx(29,14): error TS2741: Property 'slotId' is missing in type '{}' but required in type 'AdSenseAdProps'.
